// Jest Snapshot v1, https://goo.gl/fbAQLP

exports[`Sign Up component functionality test 1`] = `
<View
  style={
    Object {
      "backgroundColor": "#F7F7F7",
      "flex": 1,
      "height": 1334,
    }
  }
>
  <RCTSafeAreaView
    emulateUnlessSupported={true}
    style={
      Object {
        "backgroundColor": "transparent",
        "flex": 1,
      }
    }
  >
    <RCTScrollView
      automaticallyAdjustContentInsets={false}
      contentContainerStyle={
        Array [
          Object {
            "padding": undefined,
          },
          undefined,
        ]
      }
      contentInset={
        Object {
          "bottom": 0,
        }
      }
      enableAutomaticScroll={true}
      enableOnAndroid={false}
      enableResetScrollToCoords={true}
      extraHeight={75}
      extraScrollHeight={0}
      getScrollResponder={[Function]}
      handleOnScroll={[Function]}
      keyboardDismissMode="interactive"
      keyboardOpeningTime={250}
      keyboardShouldPersistTaps="handled"
      keyboardSpace={0}
      onScroll={[Function]}
      resetKeyboardSpace={[Function]}
      resetScrollToCoords={
        Object {
          "x": 0,
          "y": 0,
        }
      }
      scrollEventThrottle={1}
      scrollForExtraHeightOnAndroid={[Function]}
      scrollIntoView={[Function]}
      scrollToEnd={[Function]}
      scrollToFocusedInput={[Function]}
      scrollToPosition={[Function]}
      showsVerticalScrollIndicator={true}
      style={
        Object {
          "backgroundColor": "transparent",
          "flex": 1,
        }
      }
      update={[Function]}
      viewIsInsideTabBar={false}
    >
      <View>
        <View
          style={
            Array [
              Object {
                "backgroundColor": "#fff",
                "borderBottomWidth": 0.5,
                "borderColor": "#ccc",
                "borderLeftWidth": 0.5,
                "borderRadius": 20,
                "borderRightWidth": 0.5,
                "borderTopWidth": 0,
                "elevation": 3,
                "flexWrap": "nowrap",
                "marginBottom": 15,
                "marginTop": 15,
                "shadowColor": "#000",
                "shadowOffset": Object {
                  "height": 3,
                  "width": 0,
                },
                "shadowOpacity": 0.1,
                "shadowRadius": 2.5,
              },
              Object {
                "marginTop": -80,
                "paddingTop": 80,
              },
            ]
          }
        >
          <View
            style={
              Object {
                "alignItems": "center",
                "backgroundColor": "#fff",
                "borderRadius": 20,
                "flexDirection": "row",
                "paddingBottom": 10,
                "paddingLeft": 15,
                "paddingRight": 15,
                "paddingTop": 10,
              }
            }
          >
            <View
              style={
                Array [
                  Object {
                    "alignItems": "flex-start",
                    "alignSelf": "stretch",
                    "flex": 1,
                  },
                  Object {
                    "alignItems": "center",
                  },
                ]
              }
            >
              <View
                style={
                  Object {
                    "flex": 1,
                    "flexDirection": "row",
                  }
                }
              >
                <Image
                  source={1}
                  style={
                    Object {
                      "height": 266.8,
                      "width": 266.8,
                    }
                  }
                />
              </View>
              <View
                style={
                  Object {
                    "flex": 1,
                    "flexDirection": "row",
                  }
                }
              >
                <Text
                  style={
                    Array [
                      Object {
                        "color": "#000",
                        "fontFamily": "Montserrat_Bold",
                        "fontSize": 24,
                        "lineHeight": 32,
                      },
                      Object {
                        "marginBottom": 10,
                        "marginTop": 20,
                      },
                    ]
                  }
                >
                  Baud
                </Text>
              </View>
            </View>
          </View>
        </View>
        <View
          style={
            Object {
              "flex": 1,
              "flexDirection": "row",
            }
          }
        >
          <View
            style={
              Object {
                "alignItems": "center",
                "alignSelf": "center",
                "flex": 1,
              }
            }
          >
            <View
              style={
                Object {
                  "flex": 0,
                  "flexDirection": "column",
                  "width": 600,
                }
              }
            >
              <View
                style={
                  Object {
                    "alignItems": "center",
                    "alignSelf": "center",
                    "flex": 1,
                  }
                }
              >
                <View
                  style={
                    Object {
                      "flex": 1,
                      "flexDirection": "row",
                      "marginVertical": 10,
                    }
                  }
                >
                  <Text
                    style={
                      Object {
                        "color": "#000",
                        "fontFamily": "Montserrat_Bold",
                        "fontSize": 24,
                        "lineHeight": 32,
                      }
                    }
                  >
                    Sign up
                  </Text>
                </View>
                <View
                  accessible={true}
                  focusable={false}
                  isTVSelectable={true}
                  onClick={[Function]}
                  onResponderGrant={[Function]}
                  onResponderMove={[Function]}
                  onResponderRelease={[Function]}
                  onResponderTerminate={[Function]}
                  onResponderTerminationRequest={[Function]}
                  onStartShouldSetResponder={[Function]}
                  style={
                    Object {
                      "alignItems": "center",
                      "backgroundColor": "#fff",
                      "borderBottomWidth": 1,
                      "borderColor": "#D9D5DC",
                      "borderLeftWidth": 1,
                      "borderRadius": 30,
                      "borderRightWidth": 1,
                      "borderTopWidth": 1,
                      "borderWidth": 1,
                      "flexDirection": "row",
                      "marginBottom": 10,
                      "marginLeft": 2,
                      "marginTop": 10,
                      "opacity": 1,
                      "shadowColor": "#000",
                      "shadowOffset": Object {
                        "height": 3,
                        "width": 0,
                      },
                      "shadowOpacity": 0.1,
                      "shadowRadius": 2.5,
                    }
                  }
                >
                  <TextInput
                    allowFontScaling={true}
                    editable={true}
                    onChangeText={[Function]}
                    placeholder="Username"
                    placeholderTextColor="#575757"
                    rejectResponderTermination={true}
                    style={
                      Array [
                        Object {
                          "color": "#000",
                          "flex": 1,
                          "fontFamily": "SemiBold",
                          "fontSize": 14,
                          "height": 35,
                          "paddingLeft": 8,
                          "paddingRight": 5,
                          "top": 1.5,
                        },
                        Object {
                          "paddingLeft": 15,
                        },
                      ]
                    }
                    underlineColorAndroid="rgba(0,0,0,0)"
                    value=""
                  />
                </View>
                <View
                  accessible={true}
                  focusable={false}
                  isTVSelectable={true}
                  onClick={[Function]}
                  onResponderGrant={[Function]}
                  onResponderMove={[Function]}
                  onResponderRelease={[Function]}
                  onResponderTerminate={[Function]}
                  onResponderTerminationRequest={[Function]}
                  onStartShouldSetResponder={[Function]}
                  style={
                    Object {
                      "alignItems": "center",
                      "backgroundColor": "#fff",
                      "borderBottomWidth": 1,
                      "borderColor": "#D9D5DC",
                      "borderLeftWidth": 1,
                      "borderRadius": 30,
                      "borderRightWidth": 1,
                      "borderTopWidth": 1,
                      "borderWidth": 1,
                      "flexDirection": "row",
                      "marginBottom": 10,
                      "marginLeft": 2,
                      "marginTop": 10,
                      "opacity": 1,
                      "shadowColor": "#000",
                      "shadowOffset": Object {
                        "height": 3,
                        "width": 0,
                      },
                      "shadowOpacity": 0.1,
                      "shadowRadius": 2.5,
                    }
                  }
                >
                  <TextInput
                    allowFontScaling={true}
                    editable={true}
                    onChangeText={[Function]}
                    placeholder="Email"
                    placeholderTextColor="#575757"
                    rejectResponderTermination={true}
                    style={
                      Array [
                        Object {
                          "color": "#000",
                          "flex": 1,
                          "fontFamily": "SemiBold",
                          "fontSize": 14,
                          "height": 35,
                          "paddingLeft": 8,
                          "paddingRight": 5,
                          "top": 1.5,
                        },
                        Object {
                          "paddingLeft": 15,
                        },
                      ]
                    }
                    underlineColorAndroid="rgba(0,0,0,0)"
                    value=""
                  />
                </View>
                <View
                  accessible={true}
                  focusable={false}
                  isTVSelectable={true}
                  onClick={[Function]}
                  onResponderGrant={[Function]}
                  onResponderMove={[Function]}
                  onResponderRelease={[Function]}
                  onResponderTerminate={[Function]}
                  onResponderTerminationRequest={[Function]}
                  onStartShouldSetResponder={[Function]}
                  style={
                    Object {
                      "alignItems": "center",
                      "backgroundColor": "#fff",
                      "borderBottomWidth": 1,
                      "borderColor": "#D9D5DC",
                      "borderLeftWidth": 1,
                      "borderRadius": 30,
                      "borderRightWidth": 1,
                      "borderTopWidth": 1,
                      "borderWidth": 1,
                      "flexDirection": "row",
                      "marginBottom": 10,
                      "marginLeft": 2,
                      "marginTop": 10,
                      "opacity": 1,
                      "shadowColor": "#000",
                      "shadowOffset": Object {
                        "height": 3,
                        "width": 0,
                      },
                      "shadowOpacity": 0.1,
                      "shadowRadius": 2.5,
                    }
                  }
                >
                  <TextInput
                    allowFontScaling={true}
                    editable={true}
                    onChangeText={[Function]}
                    placeholder="Password"
                    placeholderTextColor="#575757"
                    rejectResponderTermination={true}
                    secureTextEntry={true}
                    style={
                      Array [
                        Object {
                          "color": "#000",
                          "flex": 1,
                          "fontFamily": "SemiBold",
                          "fontSize": 14,
                          "height": 35,
                          "paddingLeft": 8,
                          "paddingRight": 5,
                          "top": 1.5,
                        },
                        Object {
                          "paddingLeft": 15,
                        },
                      ]
                    }
                    underlineColorAndroid="rgba(0,0,0,0)"
                    value=""
                  />
                </View>
                <View
                  accessible={true}
                  focusable={false}
                  isTVSelectable={true}
                  onClick={[Function]}
                  onResponderGrant={[Function]}
                  onResponderMove={[Function]}
                  onResponderRelease={[Function]}
                  onResponderTerminate={[Function]}
                  onResponderTerminationRequest={[Function]}
                  onStartShouldSetResponder={[Function]}
                  style={
                    Object {
                      "alignItems": "center",
                      "backgroundColor": "#fff",
                      "borderBottomWidth": 1,
                      "borderColor": "#D9D5DC",
                      "borderLeftWidth": 1,
                      "borderRadius": 30,
                      "borderRightWidth": 1,
                      "borderTopWidth": 1,
                      "borderWidth": 1,
                      "flexDirection": "row",
                      "marginBottom": 10,
                      "marginLeft": 2,
                      "marginTop": 10,
                      "opacity": 1,
                      "shadowColor": "#000",
                      "shadowOffset": Object {
                        "height": 3,
                        "width": 0,
                      },
                      "shadowOpacity": 0.1,
                      "shadowRadius": 2.5,
                    }
                  }
                >
                  <TextInput
                    allowFontScaling={true}
                    editable={true}
                    onChangeText={[Function]}
                    placeholder="Confirm password"
                    placeholderTextColor="#575757"
                    rejectResponderTermination={true}
                    secureTextEntry={true}
                    style={
                      Array [
                        Object {
                          "color": "#000",
                          "flex": 1,
                          "fontFamily": "SemiBold",
                          "fontSize": 14,
                          "height": 35,
                          "paddingLeft": 8,
                          "paddingRight": 5,
                          "top": 1.5,
                        },
                        Object {
                          "paddingLeft": 15,
                        },
                      ]
                    }
                    underlineColorAndroid="rgba(0,0,0,0)"
                    value=""
                  />
                </View>
                <View />
                <View
                  accessible={true}
                  focusable={true}
                  isTVSelectable={true}
                  onClick={[Function]}
                  onResponderGrant={[Function]}
                  onResponderMove={[Function]}
                  onResponderRelease={[Function]}
                  onResponderTerminate={[Function]}
                  onResponderTerminationRequest={[Function]}
                  onStartShouldSetResponder={[Function]}
                  style={
                    Object {
                      "alignItems": "center",
                      "backgroundColor": "transparent",
                      "borderBottomWidth": null,
                      "borderColor": "#1DA8F0",
                      "borderLeftWidth": null,
                      "borderRadius": 2,
                      "borderRightWidth": null,
                      "borderTopWidth": null,
                      "borderWidth": undefined,
                      "elevation": 0,
                      "flexDirection": "row",
                      "height": 45,
                      "justifyContent": "space-between",
                      "opacity": 1,
                      "paddingBottom": 6,
                      "paddingTop": 6,
                      "shadowColor": null,
                      "shadowOffset": null,
                      "shadowOpacity": null,
                      "shadowRadius": null,
                    }
                  }
                >
                  <Text
                    style={
                      Object {
                        "backgroundColor": "transparent",
                        "color": "#1DA8F0",
                        "fontFamily": "SemiBold",
                        "fontSize": 14,
                        "marginLeft": 0,
                        "marginRight": 0,
                      }
                    }
                  >
                    I already have an account
                  </Text>
                </View>
                <View
                  style={
                    Object {
                      "flex": 1,
                      "flexDirection": "row",
                      "marginVertical": 10,
                    }
                  }
                >
                  <View
                    accessibilityLabel="register"
                    accessible={true}
                    focusable={true}
                    isTVSelectable={true}
                    onClick={[Function]}
                    onResponderGrant={[Function]}
                    onResponderMove={[Function]}
                    onResponderRelease={[Function]}
                    onResponderTerminate={[Function]}
                    onResponderTerminationRequest={[Function]}
                    onStartShouldSetResponder={[Function]}
                    style={
                      Object {
                        "alignItems": "center",
                        "backgroundColor": "transparent",
                        "borderBottomWidth": 2,
                        "borderColor": "#1DA8F0",
                        "borderLeftWidth": 2,
                        "borderRadius": 57,
                        "borderRightWidth": 2,
                        "borderTopWidth": 2,
                        "borderWidth": 1,
                        "elevation": null,
                        "flexDirection": "row",
                        "height": 50,
                        "justifyContent": "center",
                        "opacity": 1,
                        "paddingBottom": 6,
                        "paddingTop": 6,
                        "shadowColor": null,
                        "shadowOffset": null,
                        "shadowOpacity": null,
                        "shadowRadius": null,
                        "width": 50,
                      }
                    }
                  >
                    <Text />
                  </View>
                </View>
              </View>
            </View>
          </View>
        </View>
      </View>
    </RCTScrollView>
  </RCTSafeAreaView>
</View>
`;
